// Jest Snapshot v1, https://goo.gl/fbAQLP

exports[`Header component works 1`] = `
<div
  className="sc-bdVaJa hekzgj"
>
  <img
    alt="logo"
    className="logo"
    src="assets/hepsiburada_logo.jpg"
    width={250}
  />
  <p>
    <strong>
      Link
    </strong>
    <span
      className="vote"
    >
      VOTE
    </span>
     Challenge
  </p>
</div>
`;
